nx_ppp.c:152:6:_nx_ppp_thread_entry	72	static,ignoring_inline_asm
nx_ppp.c:543:7:_nx_ppp_driver	56	static,ignoring_inline_asm
nx_ppp.c:822:7:_nx_ppp_receive_packet_get	96	static,ignoring_inline_asm
nx_ppp.c:1449:7:_nx_ppp_receive_packet_process	32	static
nx_ppp.c:1762:6:_nx_ppp_timeout	16	static
nx_ppp.c:1849:6:_nx_ppp_timer_entry	24	static
nx_ppp.c:1910:6:_nx_ppp_netx_packet_transfer	24	static
nx_ppp.c:1991:6:_nx_ppp_process_deferred_raw_string_send	40	static,ignoring_inline_asm
nx_ppp.c:2121:6:_nx_ppp_process_deferred_ip_packet_send	40	static,ignoring_inline_asm
nx_ppp.c:2262:7:_nx_ppp_lcp_state_machine_update	40	static
nx_ppp.c:2961:7:_nx_ppp_lcp_code_reject	32	static
nx_ppp.c:3078:7:_nx_ppp_lcp_configure_reply_send	40	static
nx_ppp.c:3289:7:_nx_ppp_lcp_configure_request_send	24	static
nx_ppp.c:3429:7:_nx_ppp_lcp_configuration_retrieve	56	static
nx_ppp.c:3710:7:_nx_ppp_lcp_nak_configure_list	24	static
nx_ppp.c:3767:7:_nx_ppp_lcp_terminate_ack_send	24	static
nx_ppp.c:3857:7:_nx_ppp_lcp_terminate_request_send	24	static
nx_ppp.c:3952:6:_nx_ppp_pap_state_machine_update	24	static
nx_ppp.c:4301:6:_nx_ppp_pap_authentication_request	112	static
nx_ppp.c:4447:6:_nx_ppp_pap_login_valid	96	static
nx_ppp.c:4583:7:_nx_ppp_pap_authentication_ack	24	static
nx_ppp.c:4678:6:_nx_ppp_pap_authentication_nak	24	static
nx_ppp.c:4779:6:_nx_ppp_chap_state_machine_update	24	static
nx_ppp.c:5538:6:_nx_ppp_chap_challenge_send	48	static
nx_ppp.c:5692:6:_nx_ppp_chap_challenge_respond	192	static
nx_ppp.c:5903:7:_nx_ppp_chap_challenge_validate	176	static
nx_ppp.c:6148:6:_nx_ppp_ipcp_state_machine_update	96	static
nx_ppp.c:6837:7:_nx_ppp_ipcp_configure_check	80	static
nx_ppp.c:7202:7:_nx_ppp_ipcp_configure_request_send	32	static
nx_ppp.c:7353:7:_nx_ppp_ipcp_response_extract	32	static
nx_ppp.c:7491:7:_nx_ppp_ipcp_response_send	40	static
nx_ppp.c:7666:7:_nx_ppp_ipcp_terminate_send	24	static
nx_ppp.c:7757:7:_nx_ppp_ipcp_terminate_ack_send	24	static
nx_ppp.c:7866:7:_nx_ppp_packet_transmit	40	static
nx_ppp.c:8118:7:_nx_ppp_check_crc	32	static
nx_ppp.c:8224:7:_nx_ppp_crc_append	40	static
nx_ppp.c:8595:6:_nx_ppp_hash_generator	120	static
nx_ppp.c:8675:7:_nxe_ppp_byte_receive	24	static
nx_ppp.c:8734:7:_nx_ppp_byte_receive	48	static,ignoring_inline_asm
nx_ppp.c:8875:7:_nxe_ppp_create	64	static,ignoring_inline_asm
nx_ppp.c:8955:7:_nx_ppp_create	72	static,ignoring_inline_asm
nx_ppp.c:9095:7:_nxe_ppp_delete	24	static,ignoring_inline_asm
nx_ppp.c:9161:7:_nx_ppp_delete	40	static,ignoring_inline_asm
nx_ppp.c:9286:7:_nxe_ppp_link_up_notify	32	static,ignoring_inline_asm
nx_ppp.c:9348:7:_nx_ppp_link_up_notify	16	static
nx_ppp.c:9403:7:_nxe_ppp_link_down_notify	32	static,ignoring_inline_asm
nx_ppp.c:9465:7:_nx_ppp_link_down_notify	16	static
nx_ppp.c:9523:7:_nxe_ppp_pap_enable	40	static,ignoring_inline_asm
nx_ppp.c:9596:7:_nx_ppp_pap_enable	24	static
nx_ppp.c:9682:7:_nxe_ppp_chap_challenge	24	static,ignoring_inline_asm
nx_ppp.c:9743:7:_nx_ppp_chap_challenge	16	static
nx_ppp.c:9839:7:_nxe_ppp_chap_enable	40	static,ignoring_inline_asm
nx_ppp.c:9918:7:_nx_ppp_chap_enable	24	static
nx_ppp.c:10009:7:_nxe_ppp_dns_address_get	24	static,ignoring_inline_asm
nx_ppp.c:10070:7:_nx_ppp_dns_address_get	16	static
nx_ppp.c:10142:7:_nxe_ppp_dns_address_set	32	static,ignoring_inline_asm
nx_ppp.c:10208:7:_nx_ppp_dns_address_set	16	static
nx_ppp.c:10261:7:_nxe_ppp_secondary_dns_address_get	24	static,ignoring_inline_asm
nx_ppp.c:10323:7:_nx_ppp_secondary_dns_address_get	16	static
nx_ppp.c:10395:7:_nxe_ppp_secondary_dns_address_set	32	static,ignoring_inline_asm
nx_ppp.c:10461:7:_nx_ppp_secondary_dns_address_set	16	static
nx_ppp.c:10514:7:_nxe_ppp_interface_index_get	24	static,ignoring_inline_asm
nx_ppp.c:10575:7:_nx_ppp_interface_index_get	16	static
nx_ppp.c:10640:7:_nxe_ppp_ip_address_assign	40	static,ignoring_inline_asm
nx_ppp.c:10703:7:_nx_ppp_ip_address_assign	32	static
nx_ppp.c:10783:7:_nxe_ppp_nak_authentication_notify	32	static,ignoring_inline_asm
nx_ppp.c:10845:7:_nx_ppp_nak_authentication_notify	16	static
nx_ppp.c:10901:7:_nxe_ppp_raw_string_send	24	static,ignoring_inline_asm
nx_ppp.c:10969:7:_nx_ppp_raw_string_send	48	static,ignoring_inline_asm
nx_ppp.c:11092:7:_nxe_ppp_start	24	static,ignoring_inline_asm
nx_ppp.c:11152:7:_nx_ppp_start	16	static
nx_ppp.c:11213:7:_nxe_ppp_stop	24	static,ignoring_inline_asm
nx_ppp.c:11272:7:_nx_ppp_stop	16	static
nx_ppp.c:11366:7:_nxe_ppp_restart	24	static,ignoring_inline_asm
nx_ppp.c:11427:7:_nx_ppp_restart	16	static
nx_ppp.c:11482:7:_nxe_ppp_status_get	24	static,ignoring_inline_asm
nx_ppp.c:11543:7:_nx_ppp_status_get	16	static
nx_ppp.c:11694:7:_nx_ppp_lcp_ping_reply	16	static
nx_ppp.c:11766:8:_nx_ppp_lcp_ping_process_echo_reply	16	static
nx_ppp.c:11832:7:_nxe_ppp_ping_request	32	static
nx_ppp.c:11900:7:_nx_ppp_ping_request	40	static
