event_loop_be.c:69:13:_be_init	8	static
event_loop_be.c:78:13:_be_deinit	24	static
event_loop_be.c:98:13:_timers_reset_added_in_run	16	static
event_loop_be.c:106:13:_timer_del	24	static
event_loop_be.c:127:23:_timer_add	40	static
event_loop_be.c:177:13:_be_timer_wrapper	40	static
event_loop_be.c:194:13:_run_once	16	static
event_loop_be.c:228:13:_run_until	24	static
event_loop_be.c:240:13:_stop	4	static
event_loop_be.c:246:33:_timer_create	32	static
event_loop_be.c:254:13:_timer_delete	16	static
event_loop_be.c:261:16:event_loop_be_instance_attach	4	static
