nx_crypto_ec.c:744:21:_nx_crypto_ec_point_is_infinite	16	static
nx_crypto_ec.c:808:21:_nx_crypto_ec_point_set_infinite	16	static
nx_crypto_ec.c:867:21:_nx_crypto_ec_point_setup	32	static
nx_crypto_ec.c:941:21:_nx_crypto_ec_point_extract_uncompressed	32	static
nx_crypto_ec.c:1025:21:_nx_crypto_ec_point_fp_affine_to_projective	16	static
nx_crypto_ec.c:1085:21:_nx_crypto_ec_point_fp_projective_to_affine	80	static
nx_crypto_ec.c:1181:21:_nx_crypto_ec_secp192r1_reduce	56	static
nx_crypto_ec.c:1317:21:_nx_crypto_ec_secp224r1_reduce	56	static
nx_crypto_ec.c:1459:21:_nx_crypto_ec_secp256r1_reduce	56	static
nx_crypto_ec.c:1624:21:_nx_crypto_ec_secp384r1_reduce	56	static
nx_crypto_ec.c:1799:21:_nx_crypto_ec_secp521r1_reduce	56	static
nx_crypto_ec.c:1917:21:_nx_crypto_ec_add_digit_reduce	24	static
nx_crypto_ec.c:1981:21:_nx_crypto_ec_subtract_digit_reduce	24	static
nx_crypto_ec.c:2042:21:_nx_crypto_ec_fp_reduce	24	static
nx_crypto_ec.c:2104:21:_nx_crypto_ec_add_reduce	24	static
nx_crypto_ec.c:2178:21:_nx_crypto_ec_subtract_reduce	24	static
nx_crypto_ec.c:2251:21:_nx_crypto_ec_fp_projective_add	112	static
nx_crypto_ec.c:2401:21:_nx_crypto_ec_fp_projective_double	112	static
nx_crypto_ec.c:2538:21:_nx_crypto_ec_fp_affine_add	80	static
nx_crypto_ec.c:2660:21:_nx_crypto_ec_fp_affine_subtract	80	static
nx_crypto_ec.c:2720:21:_nx_crypto_ec_naf_compute	96	static
nx_crypto_ec.c:2864:21:_nx_crypto_ec_fp_projective_multiple	152	static
nx_crypto_ec.c:2997:21:_nx_crypto_ec_fp_fixed_multiple	128	static
nx_crypto_ec.c:3144:21:_nx_crypto_ec_key_pair_generation_extra	88	static
nx_crypto_ec.c:3237:21:_nx_crypto_ec_key_pair_stream_generate	112	static
nx_crypto_ec.c:3348:21:_nx_crypto_ec_precomputation	88	static
nx_crypto_ec.c:3532:21:_nx_crypto_ec_fixed_output	104	static
nx_crypto_ec.c:3781:21:_nx_crypto_ec_get_named_curve	24	static
nx_crypto_ec.c:3850:21:_nx_crypto_method_ec_secp192r1_operation	24	static
nx_crypto_ec.c:3938:21:_nx_crypto_method_ec_secp224r1_operation	24	static
nx_crypto_ec.c:4025:21:_nx_crypto_method_ec_secp256r1_operation	24	static
nx_crypto_ec.c:4112:21:_nx_crypto_method_ec_secp384r1_operation	24	static
nx_crypto_ec.c:4199:21:_nx_crypto_method_ec_secp521r1_operation	24	static
nx_crypto_ec.c:4281:6:_nx_crypto_ec_validate_public_key	136	static
