nx_crypto_huge_number.c:87:21:_nx_crypto_huge_number_is_zero	24	static
nx_crypto_huge_number.c:172:21:_nx_crypto_huge_number_add	24	static
nx_crypto_huge_number.c:267:21:_nx_crypto_huge_number_subtract	24	static
nx_crypto_huge_number.c:348:21:_nx_crypto_huge_number_add_unsigned	80	static
nx_crypto_huge_number.c:453:21:_nx_crypto_huge_number_subtract_unsigned	104	static
nx_crypto_huge_number.c:531:21:_nx_crypto_huge_number_add_digit_unsigned	48	static
nx_crypto_huge_number.c:606:21:_nx_crypto_huge_number_subtract_digit_unsigned	56	static
nx_crypto_huge_number.c:669:21:_nx_crypto_huge_number_shift_left	24	static
nx_crypto_huge_number.c:739:21:_nx_crypto_huge_number_shift_right	24	static
nx_crypto_huge_number.c:808:21:_nx_crypto_huge_number_adjust_size	24	static
nx_crypto_huge_number.c:894:21:_nx_crypto_huge_number_compare	16	static
nx_crypto_huge_number.c:985:21:_nx_crypto_huge_number_compare_unsigned	32	static
nx_crypto_huge_number.c:1084:21:_nx_crypto_huge_number_multiply	88	static
nx_crypto_huge_number.c:1195:21:_nx_crypto_huge_number_multiply_digit	64	static
nx_crypto_huge_number.c:1287:21:_nx_crypto_huge_number_square	112	static
nx_crypto_huge_number.c:1415:21:_nx_crypto_huge_number_modulus	176	static
nx_crypto_huge_number.c:1656:21:_nx_crypto_huge_number_setup	40	static
nx_crypto_huge_number.c:1784:21:_nx_crypto_huge_number_rbg	32	static
nx_crypto_huge_number.c:1912:21:_nx_crypto_huge_number_extract	40	static
nx_crypto_huge_number.c:1990:21:_nx_crypto_huge_number_extract_fixed_size	48	static
nx_crypto_huge_number.c:2155:21:_nx_crypto_huge_number_inverse_modulus_prime	96	static
nx_crypto_huge_number.c:2292:21:_nx_crypto_huge_number_inverse_modulus	128	static
nx_crypto_huge_number.c:2451:21:_nx_crypto_huge_number_mont	184	static
nx_crypto_huge_number.c:2605:21:_nx_crypto_huge_number_mont_power_modulus	184	static
nx_crypto_huge_number.c:2790:21:_nx_crypto_huge_number_crt_power_modulus	160	static
