nxd_sntp_client.c:131:7:_nxe_sntp_client_create	48	static
nxd_sntp_client.c:221:7:_nx_sntp_client_create	64	static
nxd_sntp_client.c:422:7:_nxe_sntp_client_delete	24	static,ignoring_inline_asm
nxd_sntp_client.c:494:7:_nx_sntp_client_delete	16	static
nxd_sntp_client.c:569:7:_nx_sntp_client_update_timeout_entry	24	static
nxd_sntp_client.c:655:7:_nx_sntp_client_create_time_request_packet	24	static
nxd_sntp_client.c:736:7:_nxde_sntp_client_initialize_unicast	24	static,ignoring_inline_asm
nxd_sntp_client.c:807:7:_nxd_sntp_client_initialize_unicast	16	static
nxd_sntp_client.c:894:7:_nxe_sntp_client_initialize_unicast	24	static,ignoring_inline_asm
nxd_sntp_client.c:973:7:_nx_sntp_client_initialize_unicast	32	static
nxd_sntp_client.c:1036:7:_nxe_sntp_client_run_unicast	24	static,ignoring_inline_asm
nxd_sntp_client.c:1105:7:_nx_sntp_client_run_unicast	24	static
nxd_sntp_client.c:1278:7:_nx_sntp_client_process_unicast	32	static
nxd_sntp_client.c:1417:7:_nxde_sntp_client_initialize_broadcast	32	static,ignoring_inline_asm
nxd_sntp_client.c:1497:7:_nxd_sntp_client_initialize_broadcast	24	static
nxd_sntp_client.c:1609:7:_nxe_sntp_client_initialize_broadcast	32	static,ignoring_inline_asm
nxd_sntp_client.c:1692:7:_nx_sntp_client_initialize_broadcast	40	static
nxd_sntp_client.c:1771:7:_nxe_sntp_client_stop	24	static
nxd_sntp_client.c:1836:7:_nx_sntp_client_stop	24	static
nxd_sntp_client.c:1953:7:_nxe_sntp_client_run_broadcast	24	static,ignoring_inline_asm
nxd_sntp_client.c:2023:7:_nx_sntp_client_run_broadcast	24	static
nxd_sntp_client.c:2168:6:_nx_sntp_client_process_broadcast	32	static
nxd_sntp_client.c:2286:7:_nx_sntp_client_send_unicast_request	40	static
nxd_sntp_client.c:2485:7:_nx_sntp_client_receive_time_update	32	static
nxd_sntp_client.c:2766:7:_nx_sntp_client_extract_time_message_from_packet	24	static
nxd_sntp_client.c:2933:7:_nx_sntp_client_reset_current_time_message	16	static
nxd_sntp_client.c:3005:7:_nx_sntp_client_process_update_packet	24	static
nxd_sntp_client.c:3111:7:_nx_sntp_client_duplicate_update_check	24	static
nxd_sntp_client.c:3191:7:_nx_sntp_client_apply_sanity_checks	56	static
nxd_sntp_client.c:3454:7:_nx_sntp_client_check_server_clock_dispersion	32	static
nxd_sntp_client.c:3564:7:_nx_sntp_client_thread_entry	32	static
nxd_sntp_client.c:3655:7:_nx_sntp_client_receive_notify	16	static
nxd_sntp_client.c:3710:7:_nx_sntp_client_process	16	static
nxd_sntp_client.c:3784:7:_nx_sntp_client_process_time_data	48	static
nxd_sntp_client.c:3925:7:_nx_sntp_client_calculate_roundtrip	24	static
nxd_sntp_client.c:3999:7:_nxe_sntp_client_get_local_time	32	static,ignoring_inline_asm
nxd_sntp_client.c:4070:7:_nx_sntp_client_get_local_time	40	static
nxd_sntp_client.c:4125:7:_nxe_sntp_client_get_local_time_extended	40	static,ignoring_inline_asm
nxd_sntp_client.c:4202:7:_nx_sntp_client_get_local_time_extended	40	static
nxd_sntp_client.c:4321:7:_nx_sntp_client_utility_convert_time_to_UCHAR	32	static
nxd_sntp_client.c:4419:6:_nx_sntp_client_utility_convert_seconds_to_date	64	static
nxd_sntp_client.c:4674:6:_nxe_sntp_client_utility_display_date_time	32	static
nxd_sntp_client.c:4743:6:_nxe_sntp_client_request_unicast_time	24	static
nxd_sntp_client.c:4806:6:_nx_sntp_client_request_unicast_time	24	static
nxd_sntp_client.c:4896:6:_nx_sntp_client_utility_display_date_time	128	static
nxd_sntp_client.c:5051:7:_nx_sntp_client_utility_add_msecs_to_ntp_time	32	static
nxd_sntp_client.c:5174:6:_nxe_sntp_client_receiving_updates	24	static
nxd_sntp_client.c:5242:6:_nx_sntp_client_receiving_updates	16	static
nxd_sntp_client.c:5304:7:_nxe_sntp_client_set_local_time	32	static
nxd_sntp_client.c:5382:7:_nx_sntp_client_set_local_time	24	static
nxd_sntp_client.c:5438:9:_nxe_sntp_client_set_time_update_notify	24	static
nxd_sntp_client.c:5497:9:_nx_sntp_client_set_time_update_notify	16	static
nxd_sntp_client.c:5573:7:_nx_sntp_client_utility_get_msec_diff	48	static
nxd_sntp_client.c:5731:6:_nx_sntp_client_utility_is_zero_data	24	static
nxd_sntp_client.c:5802:7:_nx_sntp_client_utility_convert_fraction_to_msecs	24	static
nxd_sntp_client.c:5869:9:_nxe_sntp_client_utility_usecs_to_fraction	24	static
nxd_sntp_client.c:5933:7:_nx_sntp_client_utility_usecs_to_fraction	24	static
nxd_sntp_client.c:5992:9:_nxe_sntp_client_utility_msecs_to_fraction	24	static
nxd_sntp_client.c:6058:7:_nx_sntp_client_utility_msecs_to_fraction	24	static
nxd_sntp_client.c:6134:9:_nxe_sntp_client_utility_fraction_to_usecs	24	static
nxd_sntp_client.c:6196:7:_nx_sntp_client_utility_fraction_to_usecs	32	static
nxd_sntp_client.c:6263:7:_nx_sntp_client_utility_convert_refID_KOD_code	16	static
nxd_sntp_client.c:6382:7:_nx_sntp_client_utility_addition_overflow_check	32	static
