nx_azure_iot_provisioning_client.c:61:13:nx_azure_iot_provisioning_client_process_message	80	static
nx_azure_iot_provisioning_client.c:104:13:nx_azure_iot_provisioning_client_mqtt_disconnect_notify	32	static
nx_azure_iot_provisioning_client.c:129:13:nx_azure_iot_provisioning_client_connect_internal	56	static
nx_azure_iot_provisioning_client.c:185:13:nx_azure_iot_provisioning_client_mqtt_receive_callback	40	static
nx_azure_iot_provisioning_client.c:243:13:nx_azure_iot_provisioning_client_update_state	32	static
nx_azure_iot_provisioning_client.c:325:13:nx_azure_iot_provisioning_client_mqtt_connect_notify	32	static
nx_azure_iot_provisioning_client.c:365:13:nx_azure_iot_provisioning_client_process_connect	24	static
nx_azure_iot_provisioning_client.c:386:13:nx_azure_iot_provisioning_client_process_timer	24	static
nx_azure_iot_provisioning_client.c:411:13:nx_azure_iot_provisioning_client_subscribe	24	static
nx_azure_iot_provisioning_client.c:441:13:nx_azure_iot_provisioning_client_generate_service_request	24	static
nx_azure_iot_provisioning_client.c:477:13:nx_azure_iot_provisioning_client_process_service_response	48	static
nx_azure_iot_provisioning_client.c:523:13:nx_azure_iot_provisioning_client_process_disconnect	16	static
nx_azure_iot_provisioning_client.c:534:13:nx_azure_iot_provisioning_client_append_device_reg_payload	40	static
nx_azure_iot_provisioning_client.c:599:13:nx_azure_iot_provisioning_client_send_req	72	static
nx_azure_iot_provisioning_client.c:690:13:nx_azure_iot_provisioning_client_thread_dequeue	24	static
nx_azure_iot_provisioning_client.c:717:13:nx_azure_iot_provisioning_client_sas_token_get	152	static
nx_azure_iot_provisioning_client.c:786:6:nx_azure_iot_provisioning_client_initialize	112	static
nx_azure_iot_provisioning_client.c:926:6:nx_azure_iot_provisioning_client_deinitialize	24	static
nx_azure_iot_provisioning_client.c:1010:6:nx_azure_iot_provisioning_client_trusted_cert_add	24	static
nx_azure_iot_provisioning_client.c:1052:6:nx_azure_iot_provisioning_client_device_cert_set	24	static
nx_azure_iot_provisioning_client.c:1093:13:nx_azure_iot_provisioning_client_event_process	32	static
nx_azure_iot_provisioning_client.c:1155:6:nx_azure_iot_provisioning_client_register	32	static
nx_azure_iot_provisioning_client.c:1245:6:nx_azure_iot_provisioning_client_completion_callback_set	16	static
nx_azure_iot_provisioning_client.c:1267:6:nx_azure_iot_provisioning_client_symmetric_key_set	40	static
nx_azure_iot_provisioning_client.c:1314:6:nx_azure_iot_provisioning_client_iothub_device_info_get	120	static
nx_azure_iot_provisioning_client.c:1371:6:nx_azure_iot_provisioning_client_registration_payload_set	24	static
