nx_azure_iot.c:40:13:nx_azure_iot_event_process	32	static
nx_azure_iot.c:53:13:nx_azure_iot_publish_packet_header_add	32	static
nx_azure_iot.c:104:6:nx_azure_iot_log	100	static
nx_azure_iot.c:155:13:nx_azure_iot_log_listener	48	static
nx_azure_iot.c:165:6:nx_azure_iot_log_init	16	static
nx_azure_iot.c:171:24:nx_azure_iot_resource_search	24	static
nx_azure_iot.c:195:6:nx_azure_iot_resource_add	16	static
nx_azure_iot.c:204:6:nx_azure_iot_resource_remove	24	static
nx_azure_iot.c:234:6:nx_azure_iot_create	40	static
nx_azure_iot.c:292:6:nx_azure_iot_delete	32	static
nx_azure_iot.c:334:6:nx_azure_iot_buffer_allocate	32	static
nx_azure_iot.c:353:6:nx_azure_iot_buffer_free	24	static
nx_azure_iot.c:360:6:nx_azure_iot_publish_packet_get	32	static
nx_azure_iot.c:380:6:nx_azure_iot_publish_mqtt_packet	40	static
nx_azure_iot.c:410:6:nx_azure_iot_mqtt_packet_id_get	32	static
nx_azure_iot.c:446:6:nx_azure_iot_mqtt_packet_adjust	32	static
nx_azure_iot.c:519:14:nx_azure_iot_certificate_verify	32	static
nx_azure_iot.c:584:14:nx_azure_iot_tls_time_function	16	static
nx_azure_iot.c:606:6:nx_azure_iot_mqtt_tls_setup	64	static
nx_azure_iot.c:698:6:nx_azure_iot_unix_time_get	16	static
nx_azure_iot.c:713:13:nx_azure_iot_hmac_sha256_calculate	96	static
nx_azure_iot.c:777:6:nx_azure_iot_base64_hmac_sha256_calculate	64	static
