nx_azure_iot_hub_client.c:98:13:nx_azure_iot_hub_client_throttle_with_jitter	40	static
nx_azure_iot_hub_client.c:129:13:nx_azure_iot_hub_client_throttled_check	32	static
nx_azure_iot_hub_client.c:151:6:nx_azure_iot_hub_client_initialize	128	static
nx_azure_iot_hub_client.c:241:6:nx_azure_iot_hub_client_connection_status_callback_set	16	static
nx_azure_iot_hub_client.c:273:13:nx_azure_iot_hub_client_user_agent_update	56	static
nx_azure_iot_hub_client.c:354:6:nx_azure_iot_hub_client_connect	112	static
nx_azure_iot_hub_client.c:600:13:nx_azure_iot_hub_client_mqtt_connect_notify	40	static
nx_azure_iot_hub_client.c:654:13:nx_azure_iot_hub_client_mqtt_disconnect_notify	32	static
nx_azure_iot_hub_client.c:707:6:nx_azure_iot_hub_client_disconnect	32	static
nx_azure_iot_hub_client.c:760:13:nx_azure_iot_hub_client_received_message_cleanup	24	static
nx_azure_iot_hub_client.c:781:13:nx_azure_iot_hub_client_messages_enable	24	static
nx_azure_iot_hub_client.c:806:6:nx_azure_iot_hub_client_deinitialize	32	static
nx_azure_iot_hub_client.c:847:6:nx_azure_iot_hub_client_trusted_cert_add	24	static
nx_azure_iot_hub_client.c:889:6:nx_azure_iot_hub_client_device_cert_set	24	static
nx_azure_iot_hub_client.c:931:6:nx_azure_iot_hub_client_symmetric_key_set	24	static
nx_azure_iot_hub_client.c:955:6:nx_azure_iot_hub_client_model_id_set	40	static
nx_azure_iot_hub_client.c:978:6:nx_azure_iot_hub_client_component_add	32	static
nx_azure_iot_hub_client.c:985:6:nx_azure_iot_hub_client_component_add_internal	48	static
nx_azure_iot_hub_client.c:1027:6:nx_azure_iot_hub_client_telemetry_message_create	56	static
nx_azure_iot_hub_client.c:1069:6:nx_azure_iot_hub_client_telemetry_message_delete	16	static
nx_azure_iot_hub_client.c:1074:6:nx_azure_iot_hub_client_telemetry_component_set	40	static
nx_azure_iot_hub_client.c:1103:6:nx_azure_iot_hub_client_telemetry_property_add	40	static
nx_azure_iot_hub_client.c:1158:6:nx_azure_iot_hub_client_telemetry_send	48	static
nx_azure_iot_hub_client.c:1218:6:nx_azure_iot_hub_client_receive_callback_set	24	static
nx_azure_iot_hub_client.c:1268:6:nx_azure_iot_hub_client_cloud_message_enable	16	static
nx_azure_iot_hub_client.c:1280:6:nx_azure_iot_hub_client_cloud_message_disable	16	static
nx_azure_iot_hub_client.c:1291:13:nx_azure_iot_hub_client_process_publish_packet	48	static
nx_azure_iot_hub_client.c:1337:13:nx_azure_iot_hub_client_message_receive	56	static
nx_azure_iot_hub_client.c:1417:6:nx_azure_iot_hub_client_adjust_payload	56	static
nx_azure_iot_hub_client.c:1459:6:nx_azure_iot_hub_client_cloud_message_receive	40	static
nx_azure_iot_hub_client.c:1483:6:nx_azure_iot_hub_client_cloud_message_property_get	112	static
nx_azure_iot_hub_client.c:1554:13:nx_azure_iot_hub_client_mqtt_ack_receive_notify	64	static
nx_azure_iot_hub_client.c:1590:6:nx_azure_iot_hub_client_properties_enable	32	static
nx_azure_iot_hub_client.c:1659:6:nx_azure_iot_hub_client_properties_disable	32	static
nx_azure_iot_hub_client.c:1693:6:nx_azure_iot_hub_client_reported_properties_response_callback_set	24	static
nx_azure_iot_hub_client.c:1718:13:nx_azure_iot_hub_client_properties_request_id_get	64	static
nx_azure_iot_hub_client.c:1763:13:nx_azure_iot_hub_client_properties_subscribe_status_check	16	static
nx_azure_iot_hub_client.c:1812:13:nx_azure_iot_hub_client_properties_request_response	56	static
nx_azure_iot_hub_client.c:1880:6:nx_azure_iot_hub_client_reported_properties_create	72	static
nx_azure_iot_hub_client.c:1968:6:nx_azure_iot_hub_client_reported_properties_send	80	static
nx_azure_iot_hub_client.c:2067:6:nx_azure_iot_hub_client_properties_request	64	static
nx_azure_iot_hub_client.c:2158:6:nx_azure_iot_hub_client_properties_receive	80	static
nx_azure_iot_hub_client.c:2226:6:nx_azure_iot_hub_client_writable_properties_receive	40	static
nx_azure_iot_hub_client.c:2266:6:nx_azure_iot_hub_client_device_twin_enable	16	static
nx_azure_iot_hub_client.c:2278:6:nx_azure_iot_hub_client_device_twin_disable	16	static
nx_azure_iot_hub_client.c:2291:6:nx_azure_iot_hub_client_device_twin_reported_properties_send	96	static
nx_azure_iot_hub_client.c:2430:6:nx_azure_iot_hub_client_device_twin_properties_request	16	static
nx_azure_iot_hub_client.c:2443:6:nx_azure_iot_hub_client_device_twin_properties_receive	24	static
nx_azure_iot_hub_client.c:2456:6:nx_azure_iot_hub_client_device_twin_desired_properties_receive	24	static
nx_azure_iot_hub_client.c:2469:13:nx_azure_iot_hub_client_cloud_message_sub_unsub	32	static
nx_azure_iot_hub_client.c:2515:13:nx_azure_iot_hub_client_mqtt_receive_callback	48	static
nx_azure_iot_hub_client.c:2606:13:nx_azure_iot_hub_client_message_notify	24	static
nx_azure_iot_hub_client.c:2627:13:nx_azure_iot_hub_client_receive_thread_find	32	static
nx_azure_iot_hub_client.c:2663:13:nx_azure_iot_hub_client_c2d_process	80	static
nx_azure_iot_hub_client.c:2715:13:nx_azure_iot_hub_client_command_process	88	static
nx_azure_iot_hub_client.c:2766:13:nx_azure_iot_hub_client_properties_message_type_get	24	static
nx_azure_iot_hub_client.c:2799:13:nx_azure_iot_hub_client_device_twin_parse	96	static
nx_azure_iot_hub_client.c:2858:13:nx_azure_iot_hub_client_properties_process	80	static
nx_azure_iot_hub_client.c:2977:13:nx_azure_iot_hub_client_thread_dequeue	24	static
nx_azure_iot_hub_client.c:3006:13:nx_azure_iot_hub_client_sas_token_get	144	static
nx_azure_iot_hub_client.c:3063:6:nx_azure_iot_hub_client_command_enable	32	static
nx_azure_iot_hub_client.c:3101:6:nx_azure_iot_hub_client_command_disable	32	static
nx_azure_iot_hub_client.c:3125:6:nx_azure_iot_hub_client_command_message_receive	136	static
nx_azure_iot_hub_client.c:3195:6:nx_azure_iot_hub_client_command_message_response	80	static
nx_azure_iot_hub_client.c:3284:6:nx_azure_iot_hub_client_direct_method_enable	16	static
nx_azure_iot_hub_client.c:3296:6:nx_azure_iot_hub_client_direct_method_disable	16	static
nx_azure_iot_hub_client.c:3308:6:nx_azure_iot_hub_client_direct_method_message_receive	48	static
nx_azure_iot_hub_client.c:3331:6:nx_azure_iot_hub_client_direct_method_message_response	40	static
