nx_azure_iot_json_writer.c:18:18:nx_azure_iot_json_wirter_packet_allocator_cb	48	static
nx_azure_iot_json_writer.c:72:13:nx_azure_iot_json_writer_packet_update	56	static
nx_azure_iot_json_writer.c:101:6:nx_azure_iot_json_writer_init	48	static
nx_azure_iot_json_writer.c:145:6:nx_azure_iot_json_writer_with_buffer_init	40	static
nx_azure_iot_json_writer.c:170:6:nx_azure_iot_json_writer_deinit	16	static
nx_azure_iot_json_writer.c:186:6:nx_azure_iot_json_writer_get_bytes_used	16	static
nx_azure_iot_json_writer.c:197:6:nx_azure_iot_json_writer_append_string	40	static
nx_azure_iot_json_writer.c:218:6:nx_azure_iot_json_writer_append_json_text	40	static
nx_azure_iot_json_writer.c:239:6:nx_azure_iot_json_writer_append_property_name	40	static
nx_azure_iot_json_writer.c:260:6:nx_azure_iot_json_writer_append_bool	24	static
nx_azure_iot_json_writer.c:278:6:nx_azure_iot_json_writer_append_int32	24	static
nx_azure_iot_json_writer.c:296:6:nx_azure_iot_json_writer_append_double	32	static
nx_azure_iot_json_writer.c:315:6:nx_azure_iot_json_writer_append_null	24	static
nx_azure_iot_json_writer.c:333:6:nx_azure_iot_json_writer_append_begin_object	24	static
nx_azure_iot_json_writer.c:351:6:nx_azure_iot_json_writer_append_begin_array	24	static
nx_azure_iot_json_writer.c:369:6:nx_azure_iot_json_writer_append_end_object	24	static
nx_azure_iot_json_writer.c:387:6:nx_azure_iot_json_writer_append_end_array	24	static
nx_azure_iot_json_writer.c:405:6:nx_azure_iot_json_writer_append_property_with_int32_value	24	static
nx_azure_iot_json_writer.c:413:6:nx_azure_iot_json_writer_append_property_with_double_value	32	static
nx_azure_iot_json_writer.c:421:6:nx_azure_iot_json_writer_append_property_with_bool_value	24	static
nx_azure_iot_json_writer.c:429:6:nx_azure_iot_json_writer_append_property_with_string_value	24	static
