az_json_writer.c:15:24:az_json_writer_init	96	static
az_json_writer.c:38:24:az_json_writer_chunked_init	96	static
az_json_writer.c:65:1:_get_remaining_span	64	static
az_json_writer.c:96:26:_az_is_appending_value_valid	24	static
az_json_writer.c:139:26:_az_is_appending_property_name_valid	24	static
az_json_writer.c:158:26:_az_is_appending_container_end_valid	24	static
az_json_writer.c:207:16:_az_json_writer_escaped_length	136	static
az_json_writer.c:285:16:_az_json_writer_escape_next_byte_and_copy	72	static
az_json_writer.c:363:29:_az_json_writer_escape_and_copy	200	static
az_json_writer.c:399:31:az_json_writer_span_copy_chunked	136	static
az_json_writer.c:432:1:az_json_writer_append_string_small	112	static
az_json_writer.c:481:1:az_json_writer_append_string_chunked	192	static
az_json_writer.c:556:24:az_json_writer_append_string	112	static
az_json_writer.c:573:1:az_json_writer_append_property_name_small	112	static
az_json_writer.c:623:1:az_json_writer_append_property_name_chunked	192	static
az_json_writer.c:701:1:az_json_writer_append_property_name	112	static
az_json_writer.c:717:31:_az_validate_json	168	static
az_json_writer.c:753:1:az_json_writer_append_json_text	168	static
az_json_writer.c:808:31:_az_json_writer_append_literal	168	static
az_json_writer.c:842:24:az_json_writer_append_bool	32	static
az_json_writer.c:850:24:az_json_writer_append_null	24	static
az_json_writer.c:856:24:az_json_writer_append_int32	136	static
az_json_writer.c:890:24:az_json_writer_append_double	168	static
az_json_writer.c:932:31:_az_json_writer_append_container_start	112	static
az_json_writer.c:980:24:az_json_writer_append_begin_object	16	static
az_json_writer.c:985:24:az_json_writer_append_begin_array	16	static
az_json_writer.c:990:31:az_json_writer_append_container_end	72	static
az_json_writer.c:1013:24:az_json_writer_append_end_object	16	static
az_json_writer.c:1018:24:az_json_writer_append_end_array	16	static
