az_json_reader.c:14:24:az_json_reader_init	216	static
az_json_reader.c:52:24:az_json_reader_chunked_init	208	static
az_json_reader.c:93:29:_get_remaining_json	16	static
az_json_reader.c:101:13:_az_json_reader_update_state	32	static
az_json_reader.c:139:31:_az_json_reader_get_next_buffer	40	static
az_json_reader.c:177:29:_az_json_reader_skip_whitespace	104	static
az_json_reader.c:202:31:_az_json_reader_process_container_end	56	static
az_json_reader.c:221:31:_az_json_reader_process_container_start	64	static
az_json_reader.c:240:26:_az_is_valid_escaped_character	16	static
az_json_reader.c:258:31:_az_json_reader_process_string	168	static
az_json_reader.c:375:31:_az_json_reader_process_property_name	48	static
az_json_reader.c:407:26:_az_finished_consuming_json_number	48	static
az_json_reader.c:436:13:_az_json_reader_consume_digits	72	static
az_json_reader.c:477:31:_az_json_reader_update_number_state_if_single_value	32	static
az_json_reader.c:494:31:_az_validate_next_byte_is_digit	56	static
az_json_reader.c:515:31:_az_json_reader_process_number	336	static
az_json_reader.c:719:31:_az_json_reader_process_literal	168	static
az_json_reader.c:760:31:_az_json_reader_process_value	40	static
az_json_reader.c:807:31:_az_json_reader_read_first_token	96	static
az_json_reader.c:837:31:_az_json_reader_process_next_byte	48	static
az_json_reader.c:892:24:az_json_reader_next_token	48	static
az_json_reader.c:964:24:az_json_reader_skip_children	40	static
