az_span.c:27:22:az_span_create	32	static
az_span.c:39:22:az_span_create_from_str	32	static
az_span.c:56:22:az_span_slice	112	static
az_span.c:70:22:az_span_slice_to_end	40	static
az_span.c:86:19:az_span_is_content_equal_ignoring_case	72	static
az_span.c:103:24:az_span_atou64	192	static
az_span.c:156:24:az_span_atou32	136	static
az_span.c:209:24:az_span_atoi64	216	static
az_span.c:279:24:az_span_atoi32	144	static
az_span.c:349:13:_is_valid_start_of_double	24	static
az_span.c:366:24:az_span_atod	160	static
az_span.c:405:22:az_span_find	88	static
az_span.c:480:9:az_span_copy	136	static
az_span.c:506:9:az_span_copy_u8	120	static
az_span.c:523:6:az_span_to_str	112	static
az_span.c:566:31:_az_span_builder_append_uint64	88	static
az_span.c:599:24:az_span_u64toa	104	static
az_span.c:608:24:az_span_i64toa	120	static
az_span.c:627:1:_az_span_builder_append_u32toa	80	static
az_span.c:664:24:az_span_u32toa	104	static
az_span.c:671:24:az_span_i32toa	120	static
az_span.c:689:1:az_span_dtoa	272	static
az_span.c:791:24:_az_is_expected_span	136	static
az_span.c:813:22:_az_span_trim_whitespace	32	static
az_span.c:840:29:_az_span_trim_side	72	static
az_span.c:875:22:_az_span_trim_whitespace_from_start	24	static
az_span.c:880:22:_az_span_trim_whitespace_from_end	24	static
az_span.c:910:22:_az_span_url_encode_calc_length	144	static
az_span.c:935:24:_az_span_url_encode	296	static
az_span.c:984:9:_az_span_token	208	static
