flatcc_endian.h:80:2:flatbuffers_uint32_cast_to_pe	16	static
flatcc_endian.h:80:2:flatbuffers_uint32_write_to_pe	16	static
flatcc_endian.h:87:2:__flatbuffers_uoffset_cast_from_pe	16	static
flatcc_endian.h:87:2:__flatbuffers_uoffset_read_from_pe	16	static
flatcc_endian.h:89:2:__flatbuffers_soffset_cast_from_pe	16	static
flatcc_endian.h:89:2:__flatbuffers_soffset_read_from_pe	16	static
flatcc_endian.h:91:2:__flatbuffers_voffset_cast_from_pe	16	static
flatcc_endian.h:91:2:__flatbuffers_voffset_read_from_pe	16	static
flatcc_endian.h:93:2:__flatbuffers_utype_cast_from_pe	16	static
flatcc_endian.h:93:2:__flatbuffers_utype_read_from_pe	16	static
flatbuffers_common_reader.h:104:22:flatbuffers_vec_len	16	static
flatbuffers_common_reader.h:123:22:flatbuffers_string_len	16	static
log_reader.h:88:22:AzureIoTSecurity_Record_vec_len	16	static
log_reader.h:90:47:AzureIoTSecurity_Record_vec_at	24	static
log_reader.h:95:1:AzureIoTSecurity_Record_message_get	32	static
log_reader.h:97:1:AzureIoTSecurity_Record_level_get_ptr	24	static
log_reader.h:98:1:AzureIoTSecurity_Record_timestamp_get_ptr	24	static
log_reader.h:100:1:AzureIoTSecurity_Record_line_get_ptr	24	static
log_reader.h:102:1:AzureIoTSecurity_Record_filename_get	32	static
log_reader.h:112:1:AzureIoTSecurity_Log_logs_get	32	static
process_reader.h:49:1:AzureIoTSecurity_Process_executable_get	32	static
process_reader.h:50:1:AzureIoTSecurity_Process_process_id_get_ptr	24	static
process_reader.h:51:1:AzureIoTSecurity_Process_parent_process_id_get_ptr	24	static
process_reader.h:52:1:AzureIoTSecurity_Process_user_id_get_ptr	24	static
process_reader.h:53:1:AzureIoTSecurity_Process_user_name_get	32	static
process_reader.h:54:1:AzureIoTSecurity_Process_commandline_get	32	static
process_reader.h:55:1:AzureIoTSecurity_Process_event_type_get_ptr	24	static
process_reader.h:56:1:AzureIoTSecurity_Process_hit_count_get_ptr	24	static
baseline_reader.h:108:22:AzureIoTSecurity_BaselineCheck_vec_len	16	static
baseline_reader.h:110:54:AzureIoTSecurity_BaselineCheck_vec_at	24	static
baseline_reader.h:115:1:AzureIoTSecurity_BaselineCheck_id_get	32	static
baseline_reader.h:117:1:AzureIoTSecurity_BaselineCheck_result_get_ptr	24	static
baseline_reader.h:119:1:AzureIoTSecurity_BaselineCheck_error_get	32	static
baseline_reader.h:121:1:AzureIoTSecurity_BaselineCheck_description_get	32	static
baseline_reader.h:123:1:AzureIoTSecurity_BaselineCheck_severity_get_ptr	24	static
baseline_reader.h:125:1:AzureIoTSecurity_BaselineCheck_remediation_get	32	static
baseline_reader.h:135:1:AzureIoTSecurity_Baseline_baseline_checks_get	32	static
listening_ports_reader.h:114:22:AzureIoTSecurity_ListeningPortsV4_vec_len	16	static
listening_ports_reader.h:133:22:AzureIoTSecurity_ListeningPortsV6_vec_len	16	static
listening_ports_reader.h:149:1:AzureIoTSecurity_ListeningPorts_ipv4_ports_get	32	static
listening_ports_reader.h:150:1:AzureIoTSecurity_ListeningPorts_ipv6_ports_get	32	static
system_information_reader.h:46:1:AzureIoTSecurity_SystemInformation_os_info_get	32	static
system_information_reader.h:47:1:AzureIoTSecurity_SystemInformation_kernel_info_get	32	static
system_information_reader.h:48:1:AzureIoTSecurity_SystemInformation_hw_info_get	32	static
network_activity_reader.h:157:1:AzureIoTSecurity_NetworkActivityCommon_local_port_get_ptr	24	static
network_activity_reader.h:159:1:AzureIoTSecurity_NetworkActivityCommon_remote_port_get_ptr	24	static
network_activity_reader.h:161:1:AzureIoTSecurity_NetworkActivityCommon_bytes_in_get_ptr	24	static
network_activity_reader.h:163:1:AzureIoTSecurity_NetworkActivityCommon_bytes_out_get_ptr	24	static
network_activity_reader.h:165:1:AzureIoTSecurity_NetworkActivityCommon_protocol_get_ptr	24	static
network_activity_reader.h:167:1:AzureIoTSecurity_NetworkActivityCommon_process_id_get_ptr	24	static
network_activity_reader.h:169:1:AzureIoTSecurity_NetworkActivityCommon_user_id_get_ptr	24	static
network_activity_reader.h:171:1:AzureIoTSecurity_NetworkActivityCommon_executable_get	32	static
network_activity_reader.h:173:1:AzureIoTSecurity_NetworkActivityCommon_commandline_get	32	static
network_activity_reader.h:177:22:AzureIoTSecurity_NetworkActivityV4_vec_len	16	static
network_activity_reader.h:179:58:AzureIoTSecurity_NetworkActivityV4_vec_at	24	static
network_activity_reader.h:183:1:AzureIoTSecurity_NetworkActivityV4_addresses_get	24	static
network_activity_reader.h:184:1:AzureIoTSecurity_NetworkActivityV4_common_get	32	static
network_activity_reader.h:188:22:AzureIoTSecurity_NetworkActivityV6_vec_len	16	static
network_activity_reader.h:190:58:AzureIoTSecurity_NetworkActivityV6_vec_at	24	static
network_activity_reader.h:194:1:AzureIoTSecurity_NetworkActivityV6_addresses_get	24	static
network_activity_reader.h:195:1:AzureIoTSecurity_NetworkActivityV6_common_get	32	static
network_activity_reader.h:206:1:AzureIoTSecurity_NetworkActivity_ipv4_activity_get	32	static
network_activity_reader.h:208:1:AzureIoTSecurity_NetworkActivity_ipv6_activity_get	32	static
event_reader.h:46:22:AzureIoTSecurity_Event_vec_len	16	static
event_reader.h:48:46:AzureIoTSecurity_Event_vec_at	24	static
event_reader.h:53:1:AzureIoTSecurity_Event_id_get	24	static
event_reader.h:55:1:AzureIoTSecurity_Event_time_get_ptr	24	static
event_reader.h:57:1:AzureIoTSecurity_Event_collection_interval_get_ptr	24	static
event_reader.h:59:1:AzureIoTSecurity_Event_payload_type_get	24	static
event_reader.h:59:1:AzureIoTSecurity_Event_payload_get	32	static
event_reader.h:59:1:AzureIoTSecurity_Event_payload_union	24	static
message_reader.h:50:1:AzureIoTSecurity_Message_security_module_id_get	32	static
message_reader.h:52:1:AzureIoTSecurity_Message_security_module_version_get_ptr	24	static
message_reader.h:54:1:AzureIoTSecurity_Message_timezone_get_ptr	24	static
message_reader.h:56:1:AzureIoTSecurity_Message_events_get	32	static
flatcc_builder.h:689:36:flatcc_builder_refmap_find	16	static
flatcc_builder.h:702:36:flatcc_builder_refmap_insert	24	static
flatbuffers_common_builder.h:660:1:flatbuffers_uint32_assign_to_pe	16	static
flatbuffers_common_builder.h:668:1:flatbuffers_string_clone	24	static
flatbuffers_common_builder.h:670:1:flatbuffers_buffer_start	16	static
flatbuffers_common_builder.h:670:1:flatbuffers_buffer_end	16	static
log_builder.h:27:1:AzureIoTSecurity_Record_start	16	static
log_builder.h:27:1:AzureIoTSecurity_Record_end	16	static
log_builder.h:27:1:AzureIoTSecurity_Record_vec_clone	32	static
log_builder.h:32:1:AzureIoTSecurity_Log_start	16	static
log_builder.h:32:1:AzureIoTSecurity_Log_end	16	static
log_builder.h:46:1:AzureIoTSecurity_Record_message_add	24	static
log_builder.h:46:1:AzureIoTSecurity_Record_message_clone	16	static
log_builder.h:46:1:AzureIoTSecurity_Record_message_pick	24	static
log_builder.h:47:1:AzureIoTSecurity_Record_level_clone	24	static
log_builder.h:47:1:AzureIoTSecurity_Record_level_pick	24	static
log_builder.h:48:1:AzureIoTSecurity_Record_timestamp_clone	24	static
log_builder.h:48:1:AzureIoTSecurity_Record_timestamp_pick	24	static
log_builder.h:49:1:AzureIoTSecurity_Record_line_clone	24	static
log_builder.h:49:1:AzureIoTSecurity_Record_line_pick	24	static
log_builder.h:50:1:AzureIoTSecurity_Record_filename_add	24	static
log_builder.h:50:1:AzureIoTSecurity_Record_filename_clone	16	static
log_builder.h:50:1:AzureIoTSecurity_Record_filename_pick	24	static
log_builder.h:65:38:AzureIoTSecurity_Record_clone	24	static
log_builder.h:79:1:AzureIoTSecurity_Log_logs_add	24	static
log_builder.h:79:1:AzureIoTSecurity_Log_logs_clone	16	static
log_builder.h:79:1:AzureIoTSecurity_Log_logs_pick	24	static
log_builder.h:90:35:AzureIoTSecurity_Log_clone	24	static
process_builder.h:26:1:AzureIoTSecurity_Process_start	16	static
process_builder.h:26:1:AzureIoTSecurity_Process_end	16	static
process_builder.h:37:1:AzureIoTSecurity_Process_executable_add	24	static
process_builder.h:37:1:AzureIoTSecurity_Process_executable_clone	16	static
process_builder.h:37:1:AzureIoTSecurity_Process_executable_pick	24	static
process_builder.h:38:1:AzureIoTSecurity_Process_process_id_clone	24	static
process_builder.h:38:1:AzureIoTSecurity_Process_process_id_pick	24	static
process_builder.h:39:1:AzureIoTSecurity_Process_parent_process_id_clone	24	static
process_builder.h:39:1:AzureIoTSecurity_Process_parent_process_id_pick	24	static
process_builder.h:40:1:AzureIoTSecurity_Process_user_id_clone	24	static
process_builder.h:40:1:AzureIoTSecurity_Process_user_id_pick	24	static
process_builder.h:41:1:AzureIoTSecurity_Process_user_name_add	24	static
process_builder.h:41:1:AzureIoTSecurity_Process_user_name_clone	16	static
process_builder.h:41:1:AzureIoTSecurity_Process_user_name_pick	24	static
process_builder.h:42:1:AzureIoTSecurity_Process_commandline_add	24	static
process_builder.h:42:1:AzureIoTSecurity_Process_commandline_clone	16	static
process_builder.h:42:1:AzureIoTSecurity_Process_commandline_pick	24	static
process_builder.h:43:1:AzureIoTSecurity_Process_event_type_clone	24	static
process_builder.h:43:1:AzureIoTSecurity_Process_event_type_pick	24	static
process_builder.h:44:1:AzureIoTSecurity_Process_hit_count_clone	24	static
process_builder.h:44:1:AzureIoTSecurity_Process_hit_count_pick	24	static
process_builder.h:62:39:AzureIoTSecurity_Process_clone	24	static
baseline_builder.h:30:1:AzureIoTSecurity_BaselineCheck_start	16	static
baseline_builder.h:30:1:AzureIoTSecurity_BaselineCheck_end	16	static
baseline_builder.h:30:1:AzureIoTSecurity_BaselineCheck_vec_clone	32	static
baseline_builder.h:35:1:AzureIoTSecurity_Baseline_start	16	static
baseline_builder.h:35:1:AzureIoTSecurity_Baseline_end	16	static
baseline_builder.h:49:1:AzureIoTSecurity_BaselineCheck_id_add	24	static
baseline_builder.h:49:1:AzureIoTSecurity_BaselineCheck_id_clone	16	static
baseline_builder.h:49:1:AzureIoTSecurity_BaselineCheck_id_pick	24	static
baseline_builder.h:50:1:AzureIoTSecurity_BaselineCheck_result_clone	24	static
baseline_builder.h:50:1:AzureIoTSecurity_BaselineCheck_result_pick	24	static
baseline_builder.h:51:1:AzureIoTSecurity_BaselineCheck_error_add	24	static
baseline_builder.h:51:1:AzureIoTSecurity_BaselineCheck_error_clone	16	static
baseline_builder.h:51:1:AzureIoTSecurity_BaselineCheck_error_pick	24	static
baseline_builder.h:52:1:AzureIoTSecurity_BaselineCheck_description_add	24	static
baseline_builder.h:52:1:AzureIoTSecurity_BaselineCheck_description_clone	16	static
baseline_builder.h:52:1:AzureIoTSecurity_BaselineCheck_description_pick	24	static
baseline_builder.h:53:1:AzureIoTSecurity_BaselineCheck_severity_clone	24	static
baseline_builder.h:53:1:AzureIoTSecurity_BaselineCheck_severity_pick	24	static
baseline_builder.h:54:1:AzureIoTSecurity_BaselineCheck_remediation_add	24	static
baseline_builder.h:54:1:AzureIoTSecurity_BaselineCheck_remediation_clone	16	static
baseline_builder.h:54:1:AzureIoTSecurity_BaselineCheck_remediation_pick	24	static
baseline_builder.h:70:45:AzureIoTSecurity_BaselineCheck_clone	24	static
baseline_builder.h:85:1:AzureIoTSecurity_Baseline_baseline_checks_add	24	static
baseline_builder.h:85:1:AzureIoTSecurity_Baseline_baseline_checks_clone	16	static
baseline_builder.h:85:1:AzureIoTSecurity_Baseline_baseline_checks_pick	24	static
baseline_builder.h:96:40:AzureIoTSecurity_Baseline_clone	24	static
heartbeat_builder.h:23:1:AzureIoTSecurity_Heartbeat_start	16	static
heartbeat_builder.h:23:1:AzureIoTSecurity_Heartbeat_end	16	static
heartbeat_builder.h:39:41:AzureIoTSecurity_Heartbeat_clone	24	static
listening_ports_builder.h:66:1:AzureIoTSecurity_ListeningPortsV4_vec_clone	32	static
listening_ports_builder.h:89:1:AzureIoTSecurity_ListeningPortsV6_vec_clone	32	static
listening_ports_builder.h:95:1:AzureIoTSecurity_ListeningPorts_start	16	static
listening_ports_builder.h:95:1:AzureIoTSecurity_ListeningPorts_end	16	static
listening_ports_builder.h:102:1:AzureIoTSecurity_ListeningPorts_ipv4_ports_add	24	static
listening_ports_builder.h:102:1:AzureIoTSecurity_ListeningPorts_ipv4_ports_clone	16	static
listening_ports_builder.h:102:1:AzureIoTSecurity_ListeningPorts_ipv4_ports_pick	24	static
listening_ports_builder.h:103:1:AzureIoTSecurity_ListeningPorts_ipv6_ports_add	24	static
listening_ports_builder.h:103:1:AzureIoTSecurity_ListeningPorts_ipv6_ports_clone	16	static
listening_ports_builder.h:103:1:AzureIoTSecurity_ListeningPorts_ipv6_ports_pick	24	static
listening_ports_builder.h:115:46:AzureIoTSecurity_ListeningPorts_clone	24	static
system_information_builder.h:23:1:AzureIoTSecurity_SystemInformation_start	16	static
system_information_builder.h:23:1:AzureIoTSecurity_SystemInformation_end	16	static
system_information_builder.h:30:1:AzureIoTSecurity_SystemInformation_os_info_add	24	static
system_information_builder.h:30:1:AzureIoTSecurity_SystemInformation_os_info_clone	16	static
system_information_builder.h:30:1:AzureIoTSecurity_SystemInformation_os_info_pick	24	static
system_information_builder.h:31:1:AzureIoTSecurity_SystemInformation_kernel_info_add	24	static
system_information_builder.h:31:1:AzureIoTSecurity_SystemInformation_kernel_info_clone	16	static
system_information_builder.h:31:1:AzureIoTSecurity_SystemInformation_kernel_info_pick	24	static
system_information_builder.h:32:1:AzureIoTSecurity_SystemInformation_hw_info_add	24	static
system_information_builder.h:32:1:AzureIoTSecurity_SystemInformation_hw_info_clone	16	static
system_information_builder.h:32:1:AzureIoTSecurity_SystemInformation_hw_info_pick	24	static
system_information_builder.h:45:49:AzureIoTSecurity_SystemInformation_clone	24	static
network_activity_builder.h:72:1:AzureIoTSecurity_NetworkActivityCommon_start	16	static
network_activity_builder.h:72:1:AzureIoTSecurity_NetworkActivityCommon_end	16	static
network_activity_builder.h:77:1:AzureIoTSecurity_NetworkActivityV4_start	16	static
network_activity_builder.h:77:1:AzureIoTSecurity_NetworkActivityV4_end	16	static
network_activity_builder.h:77:1:AzureIoTSecurity_NetworkActivityV4_vec_clone	32	static
network_activity_builder.h:82:1:AzureIoTSecurity_NetworkActivityV6_start	16	static
network_activity_builder.h:82:1:AzureIoTSecurity_NetworkActivityV6_end	16	static
network_activity_builder.h:82:1:AzureIoTSecurity_NetworkActivityV6_vec_clone	32	static
network_activity_builder.h:87:1:AzureIoTSecurity_NetworkActivity_start	16	static
network_activity_builder.h:87:1:AzureIoTSecurity_NetworkActivity_end	16	static
network_activity_builder.h:113:1:AzureIoTSecurity_NetworkActivityCommon_local_port_clone	24	static
network_activity_builder.h:113:1:AzureIoTSecurity_NetworkActivityCommon_local_port_pick	24	static
network_activity_builder.h:114:1:AzureIoTSecurity_NetworkActivityCommon_remote_port_clone	24	static
network_activity_builder.h:114:1:AzureIoTSecurity_NetworkActivityCommon_remote_port_pick	24	static
network_activity_builder.h:115:1:AzureIoTSecurity_NetworkActivityCommon_bytes_in_clone	24	static
network_activity_builder.h:115:1:AzureIoTSecurity_NetworkActivityCommon_bytes_in_pick	24	static
network_activity_builder.h:116:1:AzureIoTSecurity_NetworkActivityCommon_bytes_out_clone	24	static
network_activity_builder.h:116:1:AzureIoTSecurity_NetworkActivityCommon_bytes_out_pick	24	static
network_activity_builder.h:117:1:AzureIoTSecurity_NetworkActivityCommon_protocol_clone	24	static
network_activity_builder.h:117:1:AzureIoTSecurity_NetworkActivityCommon_protocol_pick	24	static
network_activity_builder.h:118:1:AzureIoTSecurity_NetworkActivityCommon_process_id_clone	24	static
network_activity_builder.h:118:1:AzureIoTSecurity_NetworkActivityCommon_process_id_pick	24	static
network_activity_builder.h:119:1:AzureIoTSecurity_NetworkActivityCommon_user_id_clone	24	static
network_activity_builder.h:119:1:AzureIoTSecurity_NetworkActivityCommon_user_id_pick	24	static
network_activity_builder.h:120:1:AzureIoTSecurity_NetworkActivityCommon_executable_add	24	static
network_activity_builder.h:120:1:AzureIoTSecurity_NetworkActivityCommon_executable_clone	16	static
network_activity_builder.h:120:1:AzureIoTSecurity_NetworkActivityCommon_executable_pick	24	static
network_activity_builder.h:121:1:AzureIoTSecurity_NetworkActivityCommon_commandline_add	24	static
network_activity_builder.h:121:1:AzureIoTSecurity_NetworkActivityCommon_commandline_clone	16	static
network_activity_builder.h:121:1:AzureIoTSecurity_NetworkActivityCommon_commandline_pick	24	static
network_activity_builder.h:140:53:AzureIoTSecurity_NetworkActivityCommon_clone	24	static
network_activity_builder.h:158:1:AzureIoTSecurity_NetworkActivityV4_addresses_clone	24	static
network_activity_builder.h:158:1:AzureIoTSecurity_NetworkActivityV4_addresses_pick	24	static
network_activity_builder.h:159:1:AzureIoTSecurity_NetworkActivityV4_common_add	24	static
network_activity_builder.h:159:1:AzureIoTSecurity_NetworkActivityV4_common_clone	16	static
network_activity_builder.h:159:1:AzureIoTSecurity_NetworkActivityV4_common_pick	24	static
network_activity_builder.h:171:49:AzureIoTSecurity_NetworkActivityV4_clone	24	static
network_activity_builder.h:182:1:AzureIoTSecurity_NetworkActivityV6_addresses_clone	24	static
network_activity_builder.h:182:1:AzureIoTSecurity_NetworkActivityV6_addresses_pick	24	static
network_activity_builder.h:183:1:AzureIoTSecurity_NetworkActivityV6_common_add	24	static
network_activity_builder.h:183:1:AzureIoTSecurity_NetworkActivityV6_common_clone	16	static
network_activity_builder.h:183:1:AzureIoTSecurity_NetworkActivityV6_common_pick	24	static
network_activity_builder.h:195:49:AzureIoTSecurity_NetworkActivityV6_clone	24	static
network_activity_builder.h:206:1:AzureIoTSecurity_NetworkActivity_ipv4_activity_add	24	static
network_activity_builder.h:206:1:AzureIoTSecurity_NetworkActivity_ipv4_activity_clone	16	static
network_activity_builder.h:206:1:AzureIoTSecurity_NetworkActivity_ipv4_activity_pick	24	static
network_activity_builder.h:207:1:AzureIoTSecurity_NetworkActivity_ipv6_activity_add	24	static
network_activity_builder.h:207:1:AzureIoTSecurity_NetworkActivity_ipv6_activity_clone	16	static
network_activity_builder.h:207:1:AzureIoTSecurity_NetworkActivity_ipv6_activity_pick	24	static
network_activity_builder.h:219:47:AzureIoTSecurity_NetworkActivity_clone	24	static
payload_builder.h:45:52:AzureIoTSecurity_Payload_as_NONE	24	static
payload_builder.h:47:52:AzureIoTSecurity_Payload_as_NetworkActivity	24	static
payload_builder.h:49:52:AzureIoTSecurity_Payload_as_SystemInformation	24	static
payload_builder.h:51:52:AzureIoTSecurity_Payload_as_ListeningPorts	24	static
payload_builder.h:53:52:AzureIoTSecurity_Payload_as_Heartbeat	24	static
payload_builder.h:55:52:AzureIoTSecurity_Payload_as_Baseline	24	static
payload_builder.h:57:52:AzureIoTSecurity_Payload_as_Process	24	static
payload_builder.h:59:52:AzureIoTSecurity_Payload_as_Log	24	static
payload_builder.h:63:45:AzureIoTSecurity_Payload_clone	24	static
event_builder.h:29:1:AzureIoTSecurity_Event_start	16	static
event_builder.h:29:1:AzureIoTSecurity_Event_end	16	static
event_builder.h:29:1:AzureIoTSecurity_Event_vec_clone	32	static
event_builder.h:36:1:AzureIoTSecurity_Event_id_clone	24	static
event_builder.h:36:1:AzureIoTSecurity_Event_id_pick	24	static
event_builder.h:37:1:AzureIoTSecurity_Event_time_clone	24	static
event_builder.h:37:1:AzureIoTSecurity_Event_time_pick	24	static
event_builder.h:38:1:AzureIoTSecurity_Event_collection_interval_clone	24	static
event_builder.h:38:1:AzureIoTSecurity_Event_collection_interval_pick	24	static
event_builder.h:39:1:AzureIoTSecurity_Event_payload_add	32	static
event_builder.h:39:1:AzureIoTSecurity_Event_payload_clone	32	static
event_builder.h:39:1:AzureIoTSecurity_Event_payload_pick	24	static
event_builder.h:61:37:AzureIoTSecurity_Event_clone	24	static
message_builder.h:26:1:AzureIoTSecurity_Message_start	16	static
message_builder.h:26:1:AzureIoTSecurity_Message_end	16	static
message_builder.h:31:1:AzureIoTSecurity_Message_start_as_root	16	static
message_builder.h:31:1:AzureIoTSecurity_Message_end_as_root	16	static
message_builder.h:33:1:AzureIoTSecurity_Message_security_module_id_add	24	static
message_builder.h:33:1:AzureIoTSecurity_Message_security_module_id_create_str	16	static
message_builder.h:33:1:AzureIoTSecurity_Message_security_module_id_clone	16	static
message_builder.h:33:1:AzureIoTSecurity_Message_security_module_id_pick	24	static
message_builder.h:34:1:AzureIoTSecurity_Message_security_module_version_add	24	static
message_builder.h:34:1:AzureIoTSecurity_Message_security_module_version_clone	24	static
message_builder.h:34:1:AzureIoTSecurity_Message_security_module_version_pick	24	static
message_builder.h:35:1:AzureIoTSecurity_Message_timezone_clone	24	static
message_builder.h:35:1:AzureIoTSecurity_Message_timezone_pick	24	static
message_builder.h:36:1:AzureIoTSecurity_Message_events_add	24	static
message_builder.h:36:1:AzureIoTSecurity_Message_events_end	16	static
message_builder.h:36:1:AzureIoTSecurity_Message_events_clone	16	static
message_builder.h:36:1:AzureIoTSecurity_Message_events_pick	24	static
message_builder.h:50:39:AzureIoTSecurity_Message_clone	24	static
serializer.c:31:15:serializer_init	24	static
serializer.c:60:6:serializer_deinit	16	static
serializer.c:76:20:serializer_get_state	16	static
serializer.c:88:14:serializer_message_begin	24	static
serializer.c:127:14:serializer_message_end	16	static
serializer.c:159:14:serializer_buffer_get	24	static
serializer.c:182:14:serializer_buffer_get_size	16	static
serializer.c:201:14:serializer_buffer_get_copy	24	static
serializer.c:223:14:serializer_reset	16	static
