board_setup.c:113:6:hardware_rand_initialize	4	static
board_setup.c:124:5:hardware_rand	4	static
board_setup.c:134:6:HAL_TIM_MspPostInit	40	static
board_setup.c:171:13:TIM8_Init	200	static
board_setup.c:233:6:board_led_config	16	static
board_setup.c:296:6:verify_and_correct_boot_bank	56	static
board_setup.c:350:6:board_setup	48	static
board_setup.c:547:8:_write	24	static
board_setup.c:569:8:_read	24	static
board_setup.c:586:13:user_button_callback	24	static
board_setup.c:658:6:EXTI1_IRQHandler	8	static
board_setup.c:663:6:SPI3_IRQHandler	8	static
board_setup.c:668:6:HAL_GPIO_EXTI_Callback	16	static
