board_setup.c:122:6:hardware_rand_initialize	4	static
board_setup.c:133:5:hardware_rand	4	static
board_setup.c:143:6:HAL_TIM_MspPostInit	40	static
board_setup.c:180:13:TIM8_Init	200	static
board_setup.c:242:6:board_led_config	16	static
board_setup.c:305:6:verify_and_correct_boot_bank	56	static
board_setup.c:359:6:board_setup	56	static
board_setup.c:572:8:_write	24	static
board_setup.c:594:8:_read	24	static
board_setup.c:611:13:user_button_callback	24	static
board_setup.c:694:6:EXTI1_IRQHandler	8	static
board_setup.c:699:6:SPI3_IRQHandler	8	static
board_setup.c:704:6:HAL_GPIO_EXTI_Callback	16	static
