es_wifi_io.c:73:6:SPI_WIFI_MspInit	56	static
es_wifi_io.c:145:8:SPI_WIFI_Init	24	static
es_wifi_io.c:202:8:SPI_WIFI_ResetModule	24	static
es_wifi_io.c:242:8:SPI_WIFI_DeInit	8	static
es_wifi_io.c:265:5:wait_cmddata_rdy_high	24	static
es_wifi_io.c:280:5:wait_cmddata_rdy_rising_event	24	static
es_wifi_io.c:297:5:wait_spi_rx_event	24	static
es_wifi_io.c:314:5:wait_spi_tx_event	24	static
es_wifi_io.c:333:9:SPI_WIFI_ReceiveData	32	static
es_wifi_io.c:392:9:SPI_WIFI_SendData	32	static
es_wifi_io.c:441:6:SPI_WIFI_Delay	16	static
es_wifi_io.c:451:6:SPI_WIFI_DelayUs	32	static
es_wifi_io.c:483:6:HAL_SPI_RxCpltCallback	16	static
es_wifi_io.c:498:6:HAL_SPI_TxCpltCallback	16	static
es_wifi_io.c:513:9:SPI_WIFI_ISR	4	static
