sample_azure_iot_embedded_sdk_pnp.c:143:13:sample_send_target_temperature_report	144	static
sample_azure_iot_embedded_sdk_pnp.c:195:13:sample_parse_writable_temp_property	64	static
sample_azure_iot_embedded_sdk_pnp.c:267:13:sample_get_maxmin_report	72	static
sample_azure_iot_embedded_sdk_pnp.c:329:13:connection_status_callback	16	static
sample_azure_iot_embedded_sdk_pnp.c:346:13:message_receive_callback_properties	16	static
sample_azure_iot_embedded_sdk_pnp.c:354:13:message_receive_callback_command	16	static
sample_azure_iot_embedded_sdk_pnp.c:361:13:message_receive_callback_writable_properties	16	static
sample_azure_iot_embedded_sdk_pnp.c:368:13:sample_initialize_iothub	104	static
sample_azure_iot_embedded_sdk_pnp.c:506:13:sample_command_action	408	static
sample_azure_iot_embedded_sdk_pnp.c:585:13:sample_writable_properties_receive_action	272	static
sample_azure_iot_embedded_sdk_pnp.c:642:13:sample_reported_properties_send_action	128	static
sample_azure_iot_embedded_sdk_pnp.c:708:13:sample_properties_receive_action	272	static
sample_azure_iot_embedded_sdk_pnp.c:764:13:sample_telemetry_action	120	static
sample_azure_iot_embedded_sdk_pnp.c:820:13:sample_dps_entry	80	static
sample_azure_iot_embedded_sdk_pnp.c:914:13:sample_connected_action	24	static
sample_azure_iot_embedded_sdk_pnp.c:929:13:sample_periodic_timer_entry	16	static
sample_azure_iot_embedded_sdk_pnp.c:936:13:sample_periodic_action	16	static
sample_azure_iot_embedded_sdk_pnp.c:950:13:log_callback	24	static
sample_azure_iot_embedded_sdk_pnp.c:958:6:sample_entry	64	static
