sample_pnp_temperature_controller.c:141:13:sample_pnp_temp_controller_reboot_command	24	static
sample_pnp_temperature_controller.c:157:13:sample_pnp_temp_controller_telemetry_send	120	static
sample_pnp_temperature_controller.c:209:13:sample_pnp_temp_controller_process_command	32	static
sample_pnp_temperature_controller.c:245:13:sample_pnp_temp_controller_report_serial_number_property	120	static
sample_pnp_temperature_controller.c:299:13:connection_status_callback	16	static
sample_pnp_temperature_controller.c:316:13:message_receive_callback_properties	16	static
sample_pnp_temperature_controller.c:323:13:message_receive_callback_command	16	static
sample_pnp_temperature_controller.c:330:13:message_receive_callback_writable_properties	16	static
sample_pnp_temperature_controller.c:337:13:sample_connected_action	24	static
sample_pnp_temperature_controller.c:352:13:sample_initialize_iothub	104	static
sample_pnp_temperature_controller.c:502:13:sample_command_action	416	static
sample_pnp_temperature_controller.c:605:13:sample_writable_properties_parse	40	static
sample_pnp_temperature_controller.c:649:13:sample_writable_properties_receive_action	272	static
sample_pnp_temperature_controller.c:704:13:sample_reported_properties_send_action	32	static
sample_pnp_temperature_controller.c:772:13:sample_properties_receive_action	272	static
sample_pnp_temperature_controller.c:825:13:sample_telemetry_action	24	static
sample_pnp_temperature_controller.c:853:13:sample_dps_entry	80	static
sample_pnp_temperature_controller.c:948:13:sample_periodic_timer_entry	16	static
sample_pnp_temperature_controller.c:955:13:sample_periodic_action	16	static
sample_pnp_temperature_controller.c:969:13:log_callback	24	static
sample_pnp_temperature_controller.c:977:13:sample_components_init	16	static
sample_pnp_temperature_controller.c:1006:6:sample_entry	64	static
