Sending_Telemetry_Message.c:157:13:sample_periodic_timer_entry	16	static
Sending_Telemetry_Message.c:168:13:sample_dps_entry	80	static
Sending_Telemetry_Message.c:281:13:log_callback	24	static
Sending_Telemetry_Message.c:292:13:connection_status_callback	16	static
Sending_Telemetry_Message.c:309:13:message_receive_callback_properties	16	static
Sending_Telemetry_Message.c:316:13:message_receive_callback_command	16	static
Sending_Telemetry_Message.c:323:13:message_receive_callback_writable_properties	16	static
Sending_Telemetry_Message.c:343:13:sample_initialize_iothub	104	static
Sending_Telemetry_Message.c:520:6:sample_components_init	4	static
Sending_Telemetry_Message.c:545:13:sample_connected_action	24	static
Sending_Telemetry_Message.c:577:13:sample_periodic_action	16	static
Sending_Telemetry_Message.c:608:13:temp_telemetry_send	128	static
Sending_Telemetry_Message.c:672:13:humidity_telemetry_send	128	static
Sending_Telemetry_Message.c:721:13:pressure_telemetry_send	128	static
Sending_Telemetry_Message.c:770:13:magnetometer_telemetry_send	128	static
Sending_Telemetry_Message.c:831:13:accelerometer_telemetry_send	128	static
Sending_Telemetry_Message.c:892:13:gyroscope_telemetry_send	128	static
Sending_Telemetry_Message.c:953:13:sample_telemetry_action	24	static
Sending_Telemetry_Message.c:997:6:sample_entry	64	static
