Sending_Telemetry_Message.c:162:13:sample_periodic_timer_entry	16	static
Sending_Telemetry_Message.c:173:13:sample_dps_entry	80	static
Sending_Telemetry_Message.c:280:13:log_callback	24	static
Sending_Telemetry_Message.c:291:13:connection_status_callback	16	static
Sending_Telemetry_Message.c:308:13:message_receive_callback_properties	16	static
Sending_Telemetry_Message.c:315:13:message_receive_callback_command	16	static
Sending_Telemetry_Message.c:322:13:message_receive_callback_writable_properties	16	static
Sending_Telemetry_Message.c:342:13:sample_initialize_iothub	104	static
Sending_Telemetry_Message.c:519:6:sample_components_init	4	static
Sending_Telemetry_Message.c:544:13:sample_connected_action	24	static
Sending_Telemetry_Message.c:576:13:sample_periodic_action	16	static
Sending_Telemetry_Message.c:607:13:temp_telemetry_send	128	static
Sending_Telemetry_Message.c:671:13:humidity_telemetry_send	128	static
Sending_Telemetry_Message.c:720:13:pressure_telemetry_send	128	static
Sending_Telemetry_Message.c:769:13:magnetometer_telemetry_send	128	static
Sending_Telemetry_Message.c:830:13:accelerometer_telemetry_send	128	static
Sending_Telemetry_Message.c:891:13:gyroscope_telemetry_send	128	static
Sending_Telemetry_Message.c:952:13:sample_telemetry_action	24	static
Sending_Telemetry_Message.c:996:6:sample_entry	64	static
