component_id.h:26:30:components_manager_get_self_id	4	static
containerof.h:19:21:_containerof	16	static
nx_azure_iot_security_module.c:71:1:components_factory_SecurityModule_load	16	static
nx_azure_iot_security_module.c:73:21:_cm_start	24	static
nx_azure_iot_security_module.c:87:21:_cm_init	40	static
nx_azure_iot_security_module.c:133:21:_cm_deinit	32	static
nx_azure_iot_security_module.c:166:6:nx_azure_iot_security_module_enable	48	static
nx_azure_iot_security_module.c:266:6:nx_azure_iot_security_module_disable	40	static
nx_azure_iot_security_module.c:305:13:_security_module_message_ready_cb	32	static
nx_azure_iot_security_module.c:318:22:_security_module_unix_time_get	24	static
nx_azure_iot_security_module.c:341:13:_security_module_get_nx_status	32	static
nx_azure_iot_security_module.c:363:13:_security_module_state_machine	24	static
nx_azure_iot_security_module.c:386:13:_security_module_state_machine_cb	24	static
nx_azure_iot_security_module.c:394:13:_security_module_event_process	40	static
nx_azure_iot_security_module.c:421:13:_security_module_state_machine_schedule	32	static
nx_azure_iot_security_module.c:432:33:_security_module_get_connected_hub_client	24	static
nx_azure_iot_security_module.c:449:13:_is_skip_resource	168	static
nx_azure_iot_security_module.c:495:13:_security_module_event_process_state_pending	24	static
nx_azure_iot_security_module.c:531:13:_security_module_event_process_state_active	72	static
nx_azure_iot_security_module.c:621:13:_security_module_event_process_state_suspended	24	static
nx_azure_iot_security_module.c:640:13:_security_module_message_send	72	static
nx_azure_iot_security_module.c:697:12:_state2notify	24	static
nx_azure_iot_security_module.c:713:13:_security_module_update_state	24	static
nx_azure_iot_security_module.c:744:13:_security_module_exists_connected_iot_hub	24	static
