az_iot_hub_client_properties.c:20:24:az_iot_hub_client_properties_get_reported_publish_topic	32	static
az_iot_hub_client_properties.c:31:24:az_iot_hub_client_properties_document_get_publish_topic	32	static
az_iot_hub_client_properties.c:42:24:az_iot_hub_client_properties_parse_received_topic	120	static
az_iot_hub_client_properties.c:63:24:az_iot_hub_client_properties_writer_begin_component	128	static
az_iot_hub_client_properties.c:84:24:az_iot_hub_client_properties_writer_end_component	16	static
az_iot_hub_client_properties.c:96:24:az_iot_hub_client_properties_writer_begin_response_status	176	static
az_iot_hub_client_properties.c:132:24:az_iot_hub_client_properties_writer_end_response_status	16	static
az_iot_hub_client_properties.c:145:18:json_child_token_move	48	static
az_iot_hub_client_properties.c:176:13:is_component_in_model	32	static
az_iot_hub_client_properties.c:198:24:az_iot_hub_client_properties_get_properties_version	72	static
az_iot_hub_client_properties.c:239:18:process_first_move_if_needed	56	static
az_iot_hub_client_properties.c:277:18:skip_metadata_if_needed	48	static
az_iot_hub_client_properties.c:333:18:verify_valid_json_position	32	static
az_iot_hub_client_properties.c:414:24:az_iot_hub_client_properties_get_next_component_property	88	static
