lib_NDEF.c:72:17:NDEF_IsNDEFPresent	16	static
lib_NDEF.c:91:17:NDEF_IdentifySPRecord	32	static
lib_NDEF.c:166:17:NDEF_ParseRecordHeader	24	static
lib_NDEF.c:196:13:NDEF_ParseWellKnownType	24	static
lib_NDEF.c:251:13:NDEF_ParseMediaType	16	static
lib_NDEF.c:273:13:NDEF_ParseForumExternalType	16	static
lib_NDEF.c:285:13:NDEF_ParseURI	24	static
lib_NDEF.c:308:13:NDEF_ParseSP	40	static
lib_NDEF.c:368:10:NDEF_IdentifyNDEF	32	static
lib_NDEF.c:457:10:NDEF_ReadNDEF	16	static
lib_NDEF.c:474:10:NDEF_getNDEFSize	16	static
lib_NDEF.c:488:10:NDEF_WriteNDEF	16	static
lib_NDEF.c:504:10:NDEF_AppendRecord	592	static
lib_NDEF.c:552:10:NDEF_IdentifyBuffer	32	static
lib_NDEF.c:628:10:NDEF_WriteRecord	24	static
lib_NDEF.c:697:10:NDEF_GetRecordLength	24	static
lib_NDEF.c:721:10:NDEF_ClearNDEF	8	static
