object_network_activity_ext.c:26:1:hashset_network_activity_ipv4_t_init	16	static
object_network_activity_ext.c:26:1:hashset_network_activity_ipv4_t_find	24	static
object_network_activity_ext.c:26:1:hashset_network_activity_ipv4_t_remove	32	static
object_network_activity_ext.c:26:1:hashset_network_activity_ipv4_t_add_or_update	24	static
object_network_activity_ext.c:26:1:hashset_network_activity_ipv4_t_for_each	40	static
object_network_activity_ext.c:26:1:hashset_network_activity_ipv4_t_clear	32	static
object_network_activity_ext.c:26:1:hashset_network_activity_ipv4_t_get_depth	32	static
object_network_activity_ext.c:26:1:hashset_network_activity_ipv4_t_is_empty	24	static
object_network_activity_ext.c:29:26:network_activity_ipv4_init	8	static
object_network_activity_ext.c:34:6:network_activity_ipv4_deinit	16	static
object_network_activity_ext.c:40:5:hashset_network_activity_ipv4_t_equals	16	static
object_network_activity_ext.c:62:14:hashset_network_activity_ipv4_t_hash	24	static
object_network_activity_ext.c:73:6:hashset_network_activity_ipv4_t_update	16	static
