components_manager.c:29:14:components_manager_init	32	static
components_manager.c:75:14:components_manager_deinit	8	static
components_manager.c:95:6:components_manager_global_context_set	16	static
components_manager.c:100:11:components_manager_global_context_get	4	static
components_manager.c:156:14:components_manager_get_component	24	static
components_manager.c:166:16:components_manager_get_id_by_name	32	static
components_manager.c:182:19:components_manager_get_info	24	static
components_manager.c:189:7:__components_manager_get_ctx	24	static
components_manager.c:196:6:__components_manager_set_ctx	24	static
components_manager.c:205:14:components_manager_get_last_result	24	static
components_manager.c:212:13:components_manager_get_name	24	static
components_manager.c:219:14:components_manager_start	40	static
components_manager.c:267:14:components_manager_stop	48	static
components_manager.c:340:19:_load_lcm_function	24	static
components_manager.c:380:13:_perform_lcm_action	24	static
components_manager.c:418:13:components_manager_do_lcm_action	32	static
components_manager.c:447:12:_get_owner_enumerator	24	static
components_manager.c:458:1:components_factory_ManagerCore_load	16	static
